VECTOR l=770d r=2c76 expected=770d:2c76 status=PASS
NB16_COUNTEREXAMPLE base=a088:4004 flipped=a008:4004 status=CONFIRMED
NB7_STRESS mask=0400ac21 checked=2560000 status=PASS
PRECHECK status=PASS
KEY_RECOVERY config trials=100 structures=256 pairs=16384 plaintexts=32768 threads=4
KEY_TRIAL id=0 master=ce91:27d0:c58e:f6ab real=a43b rank=1 top_ties=16384 first_best=0000 score=280 corr=0.01708984 bias=0.00854492 status=TOP
KEY_TRIAL id=1 master=5ef6:a360:bfd8:d1cb real=ccba rank=1 top_ties=16384 first_best=0080 score=318 corr=0.01940918 bias=0.00970459 status=TOP
KEY_TRIAL id=2 master=03e6:8ab8:4c14:bcb7 real=80e5 rank=1 top_ties=16384 first_best=0080 score=264 corr=0.01611328 bias=0.00805664 status=TOP
KEY_TRIAL id=3 master=ca1b:1489:4430:fa61 real=c9bb rank=1 top_ties=16384 first_best=0080 score=384 corr=0.02343750 bias=0.01171875 status=TOP
KEY_TRIAL id=4 master=226d:9871:3865:e138 real=330d rank=32769 top_ties=16384 first_best=1080 score=140 corr=0.00854492 bias=0.00427246 status=MISS
KEY_TRIAL id=5 master=0e79:8e50:64d3:e7b1 real=2d86 rank=1 top_ties=16384 first_best=0080 score=624 corr=0.03808594 bias=0.01904297 status=TOP
KEY_TRIAL id=6 master=5628:b56a:2075:4f0e real=8329 rank=16385 top_ties=16384 first_best=0080 score=344 corr=0.02099609 bias=0.01049805 status=MISS
KEY_TRIAL id=7 master=f9a2:3558:cc40:d107 real=0752 rank=1 top_ties=16384 first_best=0000 score=524 corr=0.03198242 bias=0.01599121 status=TOP
KEY_TRIAL id=8 master=ac28:0d99:3e16:5e8b real=adbc rank=1 top_ties=16384 first_best=0080 score=284 corr=0.01733398 bias=0.00866699 status=TOP
KEY_TRIAL id=9 master=4762:fd12:c3ad:db30 real=5460 rank=32769 top_ties=16384 first_best=0080 score=-144 corr=0.00878906 bias=0.00439453 status=MISS
KEY_TRIAL id=10 master=04d2:36ab:8f46:58e6 real=4424 rank=1 top_ties=16384 first_best=0000 score=232 corr=0.01416016 bias=0.00708008 status=TOP
KEY_TRIAL id=11 master=ba6d:e079:83e1:ca92 real=b9c4 rank=1 top_ties=16384 first_best=1080 score=470 corr=0.02868652 bias=0.01434326 status=TOP
KEY_TRIAL id=12 master=6794:bef3:e468:8f92 real=0535 rank=49153 top_ties=16384 first_best=0080 score=90 corr=0.00549316 bias=0.00274658 status=MISS
KEY_TRIAL id=13 master=f87f:4ede:2019:48f6 real=b35c rank=1 top_ties=16384 first_best=1000 score=292 corr=0.01782227 bias=0.00891113 status=TOP
KEY_TRIAL id=14 master=45fa:de0e:5606:aa20 real=2c1e rank=1 top_ties=16384 first_best=0000 score=436 corr=0.02661133 bias=0.01330566 status=TOP
KEY_TRIAL id=15 master=ba18:b4e8:7a10:52ee real=b890 rank=1 top_ties=16384 first_best=1080 score=216 corr=0.01318359 bias=0.00659180 status=TOP
KEY_TRIAL id=16 master=7aa6:c17f:a5d5:4dde real=ec84 rank=1 top_ties=16384 first_best=0080 score=332 corr=0.02026367 bias=0.01013184 status=TOP
KEY_TRIAL id=17 master=2868:8e73:9100:baa2 real=a1ec rank=1 top_ties=16384 first_best=0080 score=478 corr=0.02917480 bias=0.01458740 status=TOP
KEY_TRIAL id=18 master=d231:6a28:f193:3f4c real=a117 rank=1 top_ties=16384 first_best=0000 score=232 corr=0.01416016 bias=0.00708008 status=TOP
KEY_TRIAL id=19 master=e833:a4a5:5cc1:709c real=3b71 rank=49153 top_ties=16384 first_best=1080 score=-10 corr=0.00061035 bias=0.00030518 status=MISS
KEY_TRIAL id=20 master=e7a4:a882:3927:f6fa real=3554 rank=1 top_ties=16384 first_best=1000 score=466 corr=0.02844238 bias=0.01422119 status=TOP
KEY_TRIAL id=21 master=7bf4:2e02:f5f9:125d real=7c24 rank=1 top_ties=16384 first_best=1000 score=188 corr=0.01147461 bias=0.00573730 status=TOP
KEY_TRIAL id=22 master=b556:09a8:52a7:bbf6 real=6424 rank=1 top_ties=16384 first_best=0000 score=412 corr=0.02514648 bias=0.01257324 status=TOP
KEY_TRIAL id=23 master=5480:2f6d:45ad:b262 real=7802 rank=1 top_ties=16384 first_best=1000 score=324 corr=0.01977539 bias=0.00988770 status=TOP
KEY_TRIAL id=24 master=b98e:afed:80b5:51ad real=fe90 rank=16385 top_ties=16384 first_best=1000 score=232 corr=0.01416016 bias=0.00708008 status=MISS
KEY_TRIAL id=25 master=548e:fdc2:1cfd:323f real=46f9 rank=1 top_ties=16384 first_best=0080 score=148 corr=0.00903320 bias=0.00451660 status=TOP
KEY_TRIAL id=26 master=9c04:7e7f:0308:9b78 real=7349 rank=1 top_ties=16384 first_best=1000 score=378 corr=0.02307129 bias=0.01153564 status=TOP
KEY_TRIAL id=27 master=2cac:87ed:6ec5:63b1 real=b7a2 rank=1 top_ties=16384 first_best=1080 score=580 corr=0.03540039 bias=0.01770020 status=TOP
KEY_TRIAL id=28 master=a5d5:d240:4029:7772 real=2ad8 rank=16385 top_ties=16384 first_best=0000 score=188 corr=0.01147461 bias=0.00573730 status=MISS
KEY_TRIAL id=29 master=0198:b937:557f:761b real=451a rank=1 top_ties=16384 first_best=0000 score=494 corr=0.03015137 bias=0.01507568 status=TOP
KEY_TRIAL id=30 master=3076:1db3:504d:e441 real=f5bd rank=1 top_ties=16384 first_best=1080 score=658 corr=0.04016113 bias=0.02008057 status=TOP
KEY_TRIAL id=31 master=123e:f11c:369b:d8ca real=3515 rank=1 top_ties=16384 first_best=1000 score=630 corr=0.03845215 bias=0.01922607 status=TOP
KEY_TRIAL id=32 master=c0ac:1567:3832:0abc real=62e4 rank=16385 top_ties=16384 first_best=0000 score=84 corr=0.00512695 bias=0.00256348 status=MISS
KEY_TRIAL id=33 master=4049:61ff:a6e4:129d real=548b rank=1 top_ties=16384 first_best=1080 score=298 corr=0.01818848 bias=0.00909424 status=TOP
KEY_TRIAL id=34 master=22ee:4a5b:1f31:d7d5 real=30eb rank=16385 top_ties=16384 first_best=1000 score=142 corr=0.00866699 bias=0.00433350 status=MISS
KEY_TRIAL id=35 master=8801:9439:2274:22f5 real=2f27 rank=1 top_ties=16384 first_best=0000 score=472 corr=0.02880859 bias=0.01440430 status=TOP
KEY_TRIAL id=36 master=91aa:ac3e:7ee5:4fdf real=c608 rank=16385 top_ties=16384 first_best=0080 score=120 corr=0.00732422 bias=0.00366211 status=MISS
KEY_TRIAL id=37 master=5c13:ef7e:9760:6d64 real=8d20 rank=1 top_ties=16384 first_best=0000 score=320 corr=0.01953125 bias=0.00976562 status=TOP
KEY_TRIAL id=38 master=0d50:4eb8:6ba7:a16b real=6643 rank=16385 top_ties=16384 first_best=0080 score=260 corr=0.01586914 bias=0.00793457 status=MISS
KEY_TRIAL id=39 master=4e20:b61c:a4e2:371c real=9bdc rank=49153 top_ties=16384 first_best=1000 score=18 corr=0.00109863 bias=0.00054932 status=MISS
KEY_TRIAL id=40 master=1e4e:7b0a:8bc0:04fb real=41b7 rank=1 top_ties=16384 first_best=0080 score=410 corr=0.02502441 bias=0.01251221 status=TOP
KEY_TRIAL id=41 master=6a3f:3963:610d:2c11 real=3bea rank=32769 top_ties=16384 first_best=0080 score=238 corr=0.01452637 bias=0.00726318 status=MISS
KEY_TRIAL id=42 master=ea98:16e5:e5b5:48bf real=41c9 rank=16385 top_ties=16384 first_best=0000 score=118 corr=0.00720215 bias=0.00360107 status=MISS
KEY_TRIAL id=43 master=521e:1e89:ffb2:7e5a real=49b0 rank=1 top_ties=16384 first_best=0080 score=422 corr=0.02575684 bias=0.01287842 status=TOP
KEY_TRIAL id=44 master=ea4b:7532:44db:483d real=2a4a rank=1 top_ties=16384 first_best=0000 score=404 corr=0.02465820 bias=0.01232910 status=TOP
KEY_TRIAL id=45 master=7335:7e51:5a94:580d real=140c rank=1 top_ties=16384 first_best=1000 score=420 corr=0.02563477 bias=0.01281738 status=TOP
KEY_TRIAL id=46 master=f0fe:abc0:ccb2:04e6 real=d784 rank=32769 top_ties=16384 first_best=0080 score=128 corr=0.00781250 bias=0.00390625 status=MISS
KEY_TRIAL id=47 master=8004:9f32:4e2e:f4ea real=b8b4 rank=1 top_ties=16384 first_best=1080 score=346 corr=0.02111816 bias=0.01055908 status=TOP
KEY_TRIAL id=48 master=7032:cb2f:6e5d:892b real=03b9 rank=1 top_ties=16384 first_best=0080 score=494 corr=0.03015137 bias=0.01507568 status=TOP
KEY_TRIAL id=49 master=abbe:8533:02b4:77f6 real=21f9 rank=16385 top_ties=16384 first_best=1000 score=-38 corr=0.00231934 bias=0.00115967 status=MISS
KEY_TRIAL id=50 master=53a6:bfc6:4426:ad96 real=b341 rank=32769 top_ties=16384 first_best=0000 score=222 corr=0.01354980 bias=0.00677490 status=MISS
KEY_TRIAL id=51 master=eb7b:8bf9:0b4a:c098 real=e01c rank=16385 top_ties=16384 first_best=0080 score=188 corr=0.01147461 bias=0.00573730 status=MISS
KEY_TRIAL id=52 master=f4e0:759e:40db:5379 real=97c3 rank=32769 top_ties=16384 first_best=1000 score=100 corr=0.00610352 bias=0.00305176 status=MISS
KEY_TRIAL id=53 master=b596:c194:8e0c:0b14 real=2711 rank=1 top_ties=16384 first_best=0000 score=612 corr=0.03735352 bias=0.01867676 status=TOP
KEY_TRIAL id=54 master=88a2:f1a9:2ae6:d4d6 real=1d15 rank=1 top_ties=16384 first_best=1000 score=446 corr=0.02722168 bias=0.01361084 status=TOP
KEY_TRIAL id=55 master=7e05:05a0:1f23:bd11 real=6782 rank=1 top_ties=16384 first_best=0080 score=408 corr=0.02490234 bias=0.01245117 status=TOP
KEY_TRIAL id=56 master=dcf6:a170:74dd:b71d real=6752 rank=49153 top_ties=16384 first_best=0080 score=116 corr=0.00708008 bias=0.00354004 status=MISS
KEY_TRIAL id=57 master=745a:2af5:5cd0:59b6 real=da08 rank=1 top_ties=16384 first_best=1000 score=348 corr=0.02124023 bias=0.01062012 status=TOP
KEY_TRIAL id=58 master=359e:0b24:dcfe:6442 real=fbfc rank=16385 top_ties=16384 first_best=1000 score=190 corr=0.01159668 bias=0.00579834 status=MISS
KEY_TRIAL id=59 master=6849:0ce8:6770:eb88 real=e090 rank=16385 top_ties=16384 first_best=0000 score=120 corr=0.00732422 bias=0.00366211 status=MISS
KEY_TRIAL id=60 master=8144:3568:7cf3:fc13 real=84f6 rank=1 top_ties=16384 first_best=0080 score=354 corr=0.02160645 bias=0.01080322 status=TOP
KEY_TRIAL id=61 master=52c7:a40b:b2b4:cf33 real=828a rank=1 top_ties=16384 first_best=0080 score=150 corr=0.00915527 bias=0.00457764 status=TOP
KEY_TRIAL id=62 master=46a1:8e1f:01af:cf89 real=f614 rank=1 top_ties=16384 first_best=1000 score=350 corr=0.02136230 bias=0.01068115 status=TOP
KEY_TRIAL id=63 master=e793:37ad:2645:7680 real=4df7 rank=1 top_ties=16384 first_best=0080 score=328 corr=0.02001953 bias=0.01000977 status=TOP
KEY_TRIAL id=64 master=32e9:86cd:e8a2:276e real=22b0 rank=1 top_ties=16384 first_best=0080 score=336 corr=0.02050781 bias=0.01025391 status=TOP
KEY_TRIAL id=65 master=337d:76ed:add3:b57d real=dc4a rank=1 top_ties=16384 first_best=1000 score=306 corr=0.01867676 bias=0.00933838 status=TOP
KEY_TRIAL id=66 master=834a:ffe2:d39a:5192 real=0ca5 rank=16385 top_ties=16384 first_best=0000 score=252 corr=0.01538086 bias=0.00769043 status=MISS
KEY_TRIAL id=67 master=f031:4baf:ec96:f3cf real=ab6d rank=16385 top_ties=16384 first_best=0080 score=172 corr=0.01049805 bias=0.00524902 status=MISS
KEY_TRIAL id=68 master=dc36:029c:e1ad:6551 real=6351 rank=1 top_ties=16384 first_best=0000 score=378 corr=0.02307129 bias=0.01153564 status=TOP
KEY_TRIAL id=69 master=4794:7a3c:a4c6:273c real=8616 rank=1 top_ties=16384 first_best=0000 score=282 corr=0.01721191 bias=0.00860596 status=TOP
KEY_TRIAL id=70 master=1ce4:5845:968f:bb8f real=b2ab rank=1 top_ties=16384 first_best=1080 score=238 corr=0.01452637 bias=0.00726318 status=TOP
KEY_TRIAL id=71 master=5407:f089:5db7:144f real=7bc8 rank=16385 top_ties=16384 first_best=0000 score=214 corr=0.01306152 bias=0.00653076 status=MISS
KEY_TRIAL id=72 master=9ccf:2160:5bee:ab5e real=c80a rank=49153 top_ties=16384 first_best=0080 score=28 corr=0.00170898 bias=0.00085449 status=MISS
KEY_TRIAL id=73 master=a382:fce0:9139:1599 real=faa3 rank=1 top_ties=16384 first_best=1080 score=198 corr=0.01208496 bias=0.00604248 status=TOP
KEY_TRIAL id=74 master=5e71:0000:c8e2:1cc0 real=ea22 rank=1 top_ties=16384 first_best=0000 score=528 corr=0.03222656 bias=0.01611328 status=TOP
KEY_TRIAL id=75 master=35d8:6d75:70b5:3e5b real=ca30 rank=1 top_ties=16384 first_best=0000 score=380 corr=0.02319336 bias=0.01159668 status=TOP
KEY_TRIAL id=76 master=7442:da49:2dad:3b8a real=b581 rank=1 top_ties=16384 first_best=1080 score=266 corr=0.01623535 bias=0.00811768 status=TOP
KEY_TRIAL id=77 master=1c8f:cac5:a537:e95b real=9630 rank=16385 top_ties=16384 first_best=1080 score=262 corr=0.01599121 bias=0.00799561 status=MISS
KEY_TRIAL id=78 master=ff9b:e45f:0323:bc77 real=13b9 rank=1 top_ties=16384 first_best=1080 score=422 corr=0.02575684 bias=0.01287842 status=TOP
KEY_TRIAL id=79 master=5c00:1812:3d89:bf9f real=08a8 rank=49153 top_ties=16384 first_best=1080 score=-4 corr=0.00024414 bias=0.00012207 status=MISS
KEY_TRIAL id=80 master=facf:08f9:ea72:7bb3 real=0dc9 rank=32769 top_ties=16384 first_best=1080 score=-4 corr=0.00024414 bias=0.00012207 status=MISS
KEY_TRIAL id=81 master=84ad:676a:2790:79e5 real=a3ec rank=1 top_ties=16384 first_best=0080 score=436 corr=0.02661133 bias=0.01330566 status=TOP
KEY_TRIAL id=82 master=1d35:1c23:1a92:a314 real=359a rank=1 top_ties=16384 first_best=1080 score=420 corr=0.02563477 bias=0.01281738 status=TOP
KEY_TRIAL id=83 master=347d:c962:7dd2:7c2d real=e350 rank=16385 top_ties=16384 first_best=0080 score=458 corr=0.02795410 bias=0.01397705 status=MISS
KEY_TRIAL id=84 master=f8fc:4504:95f5:573b real=2984 rank=1 top_ties=16384 first_best=0080 score=298 corr=0.01818848 bias=0.00909424 status=TOP
KEY_TRIAL id=85 master=44b1:b58d:1b67:915d real=aa00 rank=1 top_ties=16384 first_best=0000 score=224 corr=0.01367188 bias=0.00683594 status=TOP
KEY_TRIAL id=86 master=e64f:5d0e:4cf7:7db5 real=ccb2 rank=49153 top_ties=16384 first_best=0000 score=-18 corr=0.00109863 bias=0.00054932 status=MISS
KEY_TRIAL id=87 master=478a:f3cd:33d6:ba20 real=6cac rank=16385 top_ties=16384 first_best=0000 score=132 corr=0.00805664 bias=0.00402832 status=MISS
KEY_TRIAL id=88 master=254b:d7da:8bee:8eba real=d3c7 rank=49153 top_ties=16384 first_best=0000 score=156 corr=0.00952148 bias=0.00476074 status=MISS
KEY_TRIAL id=89 master=ebdd:dd41:7d94:8822 real=02e5 rank=1 top_ties=16384 first_best=0080 score=396 corr=0.02416992 bias=0.01208496 status=TOP
KEY_TRIAL id=90 master=b67d:e85d:17a6:0c6f real=b13b rank=16385 top_ties=16384 first_best=1080 score=76 corr=0.00463867 bias=0.00231934 status=MISS
KEY_TRIAL id=91 master=8703:9448:36f6:3af8 real=b667 rank=1 top_ties=16384 first_best=1000 score=404 corr=0.02465820 bias=0.01232910 status=TOP
KEY_TRIAL id=92 master=9f91:d957:be8c:8590 real=8615 rank=1 top_ties=16384 first_best=0000 score=420 corr=0.02563477 bias=0.01281738 status=TOP
KEY_TRIAL id=93 master=a5ae:448c:ae0e:236e real=b57f rank=16385 top_ties=16384 first_best=1080 score=248 corr=0.01513672 bias=0.00756836 status=MISS
KEY_TRIAL id=94 master=a312:61bc:8d32:f47c real=be39 rank=1 top_ties=16384 first_best=1000 score=352 corr=0.02148438 bias=0.01074219 status=TOP
KEY_TRIAL id=95 master=e43c:54bd:2c7e:49a0 real=47a1 rank=1 top_ties=16384 first_best=0080 score=502 corr=0.03063965 bias=0.01531982 status=TOP
KEY_TRIAL id=96 master=32dd:ea9e:24f8:776a real=54cb rank=32769 top_ties=16384 first_best=1000 score=188 corr=0.01147461 bias=0.00573730 status=MISS
KEY_TRIAL id=97 master=541d:7cd1:6229:2a5c real=2618 rank=49153 top_ties=16384 first_best=0080 score=-6 corr=0.00036621 bias=0.00018311 status=MISS
KEY_TRIAL id=98 master=83ba:bcd5:c4cc:2b3a real=17b7 rank=16385 top_ties=16384 first_best=0000 score=268 corr=0.01635742 bias=0.00817871 status=MISS
KEY_TRIAL id=99 master=0e87:6046:6036:aaa4 real=3fa4 rank=1 top_ties=16384 first_best=1080 score=266 corr=0.01623535 bias=0.00811768 status=TOP
KEY_SUMMARY top1=62/100 elapsed=27.010_seconds
