VECTOR l=770d r=2c76 expected=770d:2c76 status=PASS
NB16_COUNTEREXAMPLE base=a088:4004 flipped=a008:4004 status=CONFIRMED
NB7_STRESS mask=0400ac21 checked=2560000 status=PASS
PRECHECK status=PASS
KEY_RECOVERY config trials=100 structures=512 pairs=32768 plaintexts=65536 threads=4
KEY_TRIAL id=0 master=ce91:27d0:c58e:f6ab real=a43b rank=1 top_ties=16384 first_best=0000 score=500 corr=0.01525879 bias=0.00762939 status=TOP
KEY_TRIAL id=1 master=e5e4:8012:f048:c0e2 real=6f03 rank=1 top_ties=16384 first_best=0000 score=800 corr=0.02441406 bias=0.01220703 status=TOP
KEY_TRIAL id=2 master=ec2b:9815:fcf5:64c7 real=6335 rank=1 top_ties=16384 first_best=0000 score=628 corr=0.01916504 bias=0.00958252 status=TOP
KEY_TRIAL id=3 master=62d2:4b7b:1a15:aa5b real=7dbd rank=32769 top_ties=16384 first_best=1000 score=198 corr=0.00604248 bias=0.00302124 status=MISS
KEY_TRIAL id=4 master=d9d3:a611:4d5f:edd1 real=faf1 rank=1 top_ties=16384 first_best=1080 score=708 corr=0.02160645 bias=0.01080322 status=TOP
KEY_TRIAL id=5 master=2d9a:9289:1966:9526 real=7364 rank=32769 top_ties=16384 first_best=0080 score=264 corr=0.00805664 bias=0.00402832 status=MISS
KEY_TRIAL id=6 master=8357:fa4b:89b0:11b7 real=2976 rank=16385 top_ties=16384 first_best=0080 score=526 corr=0.01605225 bias=0.00802612 status=MISS
KEY_TRIAL id=7 master=c902:e41d:adb4:d21b real=5575 rank=16385 top_ties=16384 first_best=1080 score=612 corr=0.01867676 bias=0.00933838 status=MISS
KEY_TRIAL id=8 master=528b:9b90:9f6d:3b49 real=f450 rank=1 top_ties=16384 first_best=1000 score=452 corr=0.01379395 bias=0.00689697 status=TOP
KEY_TRIAL id=9 master=519d:030b:9d71:5f25 real=9bf9 rank=16385 top_ties=16384 first_best=1000 score=574 corr=0.01751709 bias=0.00875854 status=MISS
KEY_TRIAL id=10 master=beb4:d534:0377:aa1a real=2ed9 rank=1 top_ties=16384 first_best=0080 score=468 corr=0.01428223 bias=0.00714111 status=TOP
KEY_TRIAL id=11 master=d2b2:51da:7441:c6d3 real=1b5e rank=1 top_ties=16384 first_best=1000 score=704 corr=0.02148438 bias=0.01074219 status=TOP
KEY_TRIAL id=12 master=7fd3:b5c3:d44e:d459 real=f7cf rank=1 top_ties=16384 first_best=1080 score=488 corr=0.01489258 bias=0.00744629 status=TOP
KEY_TRIAL id=13 master=136e:30c3:c4f0:e4d3 real=f6f3 rank=16385 top_ties=16384 first_best=1000 score=294 corr=0.00897217 bias=0.00448608 status=MISS
KEY_TRIAL id=14 master=f1a6:90f9:6f27:05b0 real=8a89 rank=1 top_ties=16384 first_best=0080 score=544 corr=0.01660156 bias=0.00830078 status=TOP
KEY_TRIAL id=15 master=3e31:7e92:94ea:0681 real=4029 rank=1 top_ties=16384 first_best=0000 score=788 corr=0.02404785 bias=0.01202393 status=TOP
KEY_TRIAL id=16 master=5979:f9f8:9a89:e897 real=8f91 rank=16385 top_ties=16384 first_best=0000 score=634 corr=0.01934814 bias=0.00967407 status=MISS
KEY_TRIAL id=17 master=d1f0:c8f8:a8dd:e691 real=638c rank=1 top_ties=16384 first_best=0080 score=776 corr=0.02368164 bias=0.01184082 status=TOP
KEY_TRIAL id=18 master=4521:0b58:06a3:762d real=2ac2 rank=1 top_ties=16384 first_best=0080 score=762 corr=0.02325439 bias=0.01162720 status=TOP
KEY_TRIAL id=19 master=6f26:51cc:e80b:e943 real=f514 rank=1 top_ties=16384 first_best=1000 score=422 corr=0.01287842 bias=0.00643921 status=TOP
KEY_TRIAL id=20 master=5228:99b6:da1f:3306 real=21c2 rank=1 top_ties=16384 first_best=0080 score=846 corr=0.02581787 bias=0.01290894 status=TOP
KEY_TRIAL id=21 master=9be2:b756:2091:4338 real=8ff1 rank=1 top_ties=16384 first_best=0080 score=456 corr=0.01391602 bias=0.00695801 status=TOP
KEY_TRIAL id=22 master=ef7e:eb9d:be20:51aa real=8a07 rank=1 top_ties=16384 first_best=0000 score=748 corr=0.02282715 bias=0.01141357 status=TOP
KEY_TRIAL id=23 master=c5b4:32c7:c908:969c real=bc27 rank=16385 top_ties=16384 first_best=1080 score=358 corr=0.01092529 bias=0.00546265 status=MISS
KEY_TRIAL id=24 master=7ec2:d53a:553a:bb66 real=2fe7 rank=1 top_ties=16384 first_best=0080 score=852 corr=0.02600098 bias=0.01300049 status=TOP
KEY_TRIAL id=25 master=d40e:39e3:dbb0:f8c3 real=7f08 rank=1 top_ties=16384 first_best=1000 score=804 corr=0.02453613 bias=0.01226807 status=TOP
KEY_TRIAL id=26 master=2a9d:8835:1ec9:a318 real=8df1 rank=1 top_ties=16384 first_best=0080 score=522 corr=0.01593018 bias=0.00796509 status=TOP
KEY_TRIAL id=27 master=435c:15d0:a7c3:4477 real=715e rank=1 top_ties=16384 first_best=1000 score=346 corr=0.01055908 bias=0.00527954 status=TOP
KEY_TRIAL id=28 master=d233:f735:08b2:b5fe real=b4fa rank=1 top_ties=16384 first_best=1080 score=780 corr=0.02380371 bias=0.01190186 status=TOP
KEY_TRIAL id=29 master=9ee2:58ff:1076:0056 real=a973 rank=16385 top_ties=16384 first_best=0080 score=156 corr=0.00476074 bias=0.00238037 status=MISS
KEY_TRIAL id=30 master=322d:a6f4:ed3c:2180 real=f1b0 rank=16385 top_ties=16384 first_best=1000 score=470 corr=0.01434326 bias=0.00717163 status=MISS
KEY_TRIAL id=31 master=8b74:8690:e9e8:6a26 real=4ec7 rank=1 top_ties=16384 first_best=0080 score=710 corr=0.02166748 bias=0.01083374 status=TOP
KEY_TRIAL id=32 master=1bfb:cd21:2871:7af2 real=cc10 rank=32769 top_ties=16384 first_best=0080 score=44 corr=0.00134277 bias=0.00067139 status=MISS
KEY_TRIAL id=33 master=1659:489e:60f5:9747 real=ef1e rank=1 top_ties=16384 first_best=0000 score=706 corr=0.02154541 bias=0.01077271 status=TOP
KEY_TRIAL id=34 master=6c5d:036d:482a:e6bf real=1007 rank=1 top_ties=16384 first_best=1000 score=668 corr=0.02038574 bias=0.01019287 status=TOP
KEY_TRIAL id=35 master=d31b:1f65:c750:3092 real=328a rank=16385 top_ties=16384 first_best=1000 score=362 corr=0.01104736 bias=0.00552368 status=MISS
KEY_TRIAL id=36 master=02db:14ef:c582:c84f real=81fc rank=1 top_ties=16384 first_best=0080 score=762 corr=0.02325439 bias=0.01162720 status=TOP
KEY_TRIAL id=37 master=7188:d0af:7cd5:78b0 real=0526 rank=1 top_ties=16384 first_best=0000 score=752 corr=0.02294922 bias=0.01147461 status=TOP
KEY_TRIAL id=38 master=40a3:9f10:a37f:d227 real=1bdf rank=1 top_ties=16384 first_best=1080 score=928 corr=0.02832031 bias=0.01416016 status=TOP
KEY_TRIAL id=39 master=2139:b05e:e560:78e3 real=9e4e rank=1 top_ties=16384 first_best=1000 score=908 corr=0.02770996 bias=0.01385498 status=TOP
KEY_TRIAL id=40 master=96eb:128f:b3ea:0de2 real=526c rank=1 top_ties=16384 first_best=1000 score=736 corr=0.02246094 bias=0.01123047 status=TOP
KEY_TRIAL id=41 master=3897:df73:85e0:484d real=a14d rank=16385 top_ties=16384 first_best=0080 score=286 corr=0.00872803 bias=0.00436401 status=MISS
KEY_TRIAL id=42 master=49c5:05e2:4f01:b336 real=1337 rank=1 top_ties=16384 first_best=1000 score=512 corr=0.01562500 bias=0.00781250 status=TOP
KEY_TRIAL id=43 master=3b9c:5c08:631c:a58a real=50d5 rank=32769 top_ties=16384 first_best=1000 score=284 corr=0.00866699 bias=0.00433350 status=MISS
KEY_TRIAL id=44 master=3f2a:8f93:a310:f1f5 real=0af8 rank=1 top_ties=16384 first_best=0080 score=1020 corr=0.03112793 bias=0.01556396 status=TOP
KEY_TRIAL id=45 master=06dd:370d:9161:6239 real=8dca rank=1 top_ties=16384 first_best=0080 score=482 corr=0.01470947 bias=0.00735474 status=TOP
KEY_TRIAL id=46 master=306a:e2eb:9264:bd69 real=f88e rank=16385 top_ties=16384 first_best=1000 score=450 corr=0.01373291 bias=0.00686646 status=MISS
KEY_TRIAL id=47 master=b576:c032:f5fd:3e64 real=aec8 rank=16385 top_ties=16384 first_best=0000 score=414 corr=0.01263428 bias=0.00631714 status=MISS
KEY_TRIAL id=48 master=75a7:8ae8:a62e:fd5c real=1877 rank=16385 top_ties=16384 first_best=1080 score=420 corr=0.01281738 bias=0.00640869 status=MISS
KEY_TRIAL id=49 master=6e59:b8fc:cbcd:1e63 real=eb61 rank=1 top_ties=16384 first_best=0000 score=472 corr=0.01440430 bias=0.00720215 status=TOP
KEY_TRIAL id=50 master=559e:2f1b:8f39:e2aa real=d877 rank=1 top_ties=16384 first_best=1000 score=590 corr=0.01800537 bias=0.00900269 status=TOP
KEY_TRIAL id=51 master=1128:f269:dc15:e6c6 real=c6eb rank=1 top_ties=16384 first_best=0080 score=752 corr=0.02294922 bias=0.01147461 status=TOP
KEY_TRIAL id=52 master=d18c:0140:0f94:06f4 real=d528 rank=1 top_ties=16384 first_best=1000 score=386 corr=0.01177979 bias=0.00588989 status=TOP
KEY_TRIAL id=53 master=87e9:da58:0864:44b6 real=f489 rank=1 top_ties=16384 first_best=1080 score=624 corr=0.01904297 bias=0.00952148 status=TOP
KEY_TRIAL id=54 master=efdd:d942:dedb:4428 real=5981 rank=1 top_ties=16384 first_best=1080 score=700 corr=0.02136230 bias=0.01068115 status=TOP
KEY_TRIAL id=55 master=b5b2:d29a:3504:e6d5 real=68c0 rank=1 top_ties=16384 first_best=0080 score=1498 corr=0.04571533 bias=0.02285767 status=TOP
KEY_TRIAL id=56 master=2003:db74:5c11:8474 real=fbec rank=1 top_ties=16384 first_best=1080 score=896 corr=0.02734375 bias=0.01367188 status=TOP
KEY_TRIAL id=57 master=85d1:c1f8:baf7:b2c1 real=0300 rank=1 top_ties=16384 first_best=0000 score=866 corr=0.02642822 bias=0.01321411 status=TOP
KEY_TRIAL id=58 master=1b5b:682d:68a4:81e7 real=63fa rank=1 top_ties=16384 first_best=0080 score=682 corr=0.02081299 bias=0.01040649 status=TOP
KEY_TRIAL id=59 master=cf68:5c15:33c8:7ced real=e1f5 rank=1 top_ties=16384 first_best=0080 score=666 corr=0.02032471 bias=0.01016235 status=TOP
KEY_TRIAL id=60 master=8285:de50:9216:38a1 real=5920 rank=1 top_ties=16384 first_best=1000 score=798 corr=0.02435303 bias=0.01217651 status=TOP
KEY_TRIAL id=61 master=d763:011b:74f7:8413 real=e23d rank=16385 top_ties=16384 first_best=0080 score=370 corr=0.01129150 bias=0.00564575 status=MISS
KEY_TRIAL id=62 master=c726:ee06:a704:27bf real=fc10 rank=1 top_ties=16384 first_best=1000 score=696 corr=0.02124023 bias=0.01062012 status=TOP
KEY_TRIAL id=63 master=8fbe:3475:94bd:2c36 real=7665 rank=1 top_ties=16384 first_best=1000 score=398 corr=0.01214600 bias=0.00607300 status=TOP
KEY_TRIAL id=64 master=e9a2:6bf3:9294:6dd2 real=7ce0 rank=1 top_ties=16384 first_best=1080 score=740 corr=0.02258301 bias=0.01129150 status=TOP
KEY_TRIAL id=65 master=9a86:8fd4:7e3e:4dc7 real=1a22 rank=32769 top_ties=16384 first_best=1080 score=276 corr=0.00842285 bias=0.00421143 status=MISS
KEY_TRIAL id=66 master=bc8c:1765:616b:045c real=7b6e rank=16385 top_ties=16384 first_best=1080 score=256 corr=0.00781250 bias=0.00390625 status=MISS
KEY_TRIAL id=67 master=dec5:e9f4:43f0:114b real=465d rank=1 top_ties=16384 first_best=0000 score=562 corr=0.01715088 bias=0.00857544 status=TOP
KEY_TRIAL id=68 master=ecb7:2e42:a891:e886 real=d32d rank=1 top_ties=16384 first_best=1000 score=528 corr=0.01611328 bias=0.00805664 status=TOP
KEY_TRIAL id=69 master=92c8:0d1f:432c:ed23 real=d8ca rank=1 top_ties=16384 first_best=1080 score=842 corr=0.02569580 bias=0.01284790 status=TOP
KEY_TRIAL id=70 master=b0b4:d275:a74c:36c2 real=ae9c rank=1 top_ties=16384 first_best=0080 score=772 corr=0.02355957 bias=0.01177979 status=TOP
KEY_TRIAL id=71 master=2a2f:02d8:ddd3:0281 real=f245 rank=16385 top_ties=16384 first_best=1080 score=330 corr=0.01007080 bias=0.00503540 status=MISS
KEY_TRIAL id=72 master=3247:2245:c95b:d6a9 real=e75e rank=1 top_ties=16384 first_best=0000 score=528 corr=0.01611328 bias=0.00805664 status=TOP
KEY_TRIAL id=73 master=359b:07e3:ef54:f505 real=be98 rank=32769 top_ties=16384 first_best=1000 score=170 corr=0.00518799 bias=0.00259399 status=MISS
KEY_TRIAL id=74 master=a697:2453:ad5b:6b8b real=d25c rank=1 top_ties=16384 first_best=1000 score=978 corr=0.02984619 bias=0.01492310 status=TOP
KEY_TRIAL id=75 master=e4a4:80c8:e46c:3a07 real=48f9 rank=1 top_ties=16384 first_best=0080 score=584 corr=0.01782227 bias=0.00891113 status=TOP
KEY_TRIAL id=76 master=b8e6:b66c:b06a:1d3c real=b503 rank=1 top_ties=16384 first_best=1000 score=698 corr=0.02130127 bias=0.01065063 status=TOP
KEY_TRIAL id=77 master=5218:5aba:02ed:5788 real=6b2a rank=1 top_ties=16384 first_best=0000 score=1000 corr=0.03051758 bias=0.01525879 status=TOP
KEY_TRIAL id=78 master=3cbb:0179:2cd1:d7f9 real=26d5 rank=1 top_ties=16384 first_best=0080 score=1116 corr=0.03405762 bias=0.01702881 status=TOP
KEY_TRIAL id=79 master=0c3d:e373:49d2:f3ca real=1ee3 rank=1 top_ties=16384 first_best=1080 score=1026 corr=0.03131104 bias=0.01565552 status=TOP
KEY_TRIAL id=80 master=3632:cd53:b095:a70f real=a1ee rank=1 top_ties=16384 first_best=0080 score=1116 corr=0.03405762 bias=0.01702881 status=TOP
KEY_TRIAL id=81 master=1a8b:c0d7:3727:1264 real=78e8 rank=1 top_ties=16384 first_best=1080 score=558 corr=0.01702881 bias=0.00851440 status=TOP
KEY_TRIAL id=82 master=f66e:60a5:28d9:f359 real=01fc rank=1 top_ties=16384 first_best=0080 score=510 corr=0.01556396 bias=0.00778198 status=TOP
KEY_TRIAL id=83 master=ccfc:3629:e261:625f real=86f8 rank=1 top_ties=16384 first_best=0080 score=488 corr=0.01489258 bias=0.00744629 status=TOP
KEY_TRIAL id=84 master=855b:0ea3:ad08:ede8 real=0069 rank=1 top_ties=16384 first_best=0000 score=1104 corr=0.03369141 bias=0.01684570 status=TOP
KEY_TRIAL id=85 master=f469:e5d9:471c:db54 real=f32b rank=1 top_ties=16384 first_best=1000 score=686 corr=0.02093506 bias=0.01046753 status=TOP
KEY_TRIAL id=86 master=efb4:bb9d:7641:6f4f real=bb2b rank=16385 top_ties=16384 first_best=1080 score=534 corr=0.01629639 bias=0.00814819 status=MISS
KEY_TRIAL id=87 master=1d45:488b:c748:cb8a real=75ff rank=1 top_ties=16384 first_best=1080 score=742 corr=0.02264404 bias=0.01132202 status=TOP
KEY_TRIAL id=88 master=8e31:6609:9aff:7d67 real=cfb4 rank=1 top_ties=16384 first_best=0080 score=348 corr=0.01062012 bias=0.00531006 status=TOP
KEY_TRIAL id=89 master=5e86:6d3f:f1dc:1ae4 real=ee16 rank=1 top_ties=16384 first_best=0000 score=928 corr=0.02832031 bias=0.01416016 status=TOP
KEY_TRIAL id=90 master=e048:6c0a:1f00:08f4 real=d0de rank=1 top_ties=16384 first_best=1080 score=990 corr=0.03021240 bias=0.01510620 status=TOP
KEY_TRIAL id=91 master=b0de:2816:1824:40da real=99ac rank=1 top_ties=16384 first_best=1080 score=430 corr=0.01312256 bias=0.00656128 status=TOP
KEY_TRIAL id=92 master=71df:e0b9:7d14:e80e real=a51d rank=1 top_ties=16384 first_best=0000 score=300 corr=0.00915527 bias=0.00457764 status=TOP
KEY_TRIAL id=93 master=e2fe:d695:0b99:f5f0 real=c2b3 rank=1 top_ties=16384 first_best=0080 score=470 corr=0.01434326 bias=0.00717163 status=TOP
KEY_TRIAL id=94 master=1bf2:4f94:af20:3b1d real=750d rank=1 top_ties=16384 first_best=1000 score=670 corr=0.02044678 bias=0.01022339 status=TOP
KEY_TRIAL id=95 master=1176:bb5a:7219:e617 real=866e rank=16385 top_ties=16384 first_best=0080 score=706 corr=0.02154541 bias=0.01077271 status=MISS
KEY_TRIAL id=96 master=b3a4:433a:215c:c4fb real=570e rank=1 top_ties=16384 first_best=1000 score=996 corr=0.03039551 bias=0.01519775 status=TOP
KEY_TRIAL id=97 master=a3a2:b1d9:e5a2:7bbf real=c815 rank=16385 top_ties=16384 first_best=0080 score=422 corr=0.01287842 bias=0.00643921 status=MISS
KEY_TRIAL id=98 master=364c:e350:f8d4:6f7a real=dce2 rank=1 top_ties=16384 first_best=1080 score=716 corr=0.02185059 bias=0.01092529 status=TOP
KEY_TRIAL id=99 master=7612:677b:c446:9249 real=967c rank=1 top_ties=16384 first_best=1000 score=422 corr=0.01287842 bias=0.00643921 status=TOP
KEY_SUMMARY top1=75/100 elapsed=53.065_seconds
